{"request_ids":["acme_AAAAA","bookata_XY123"],"total_profit":88,"max_night":12,"min_night":8,"avg_night":10}
