{"max_night":12.1,"min_night":10,"avg_night":10.796666666666667}